export OUTPUTINTERVAL=0; bash create_forcing.sh ERA5 1980
export OUTPUTINTERVAL=0; bash create_forcing.sh ERA5 1981
export OUTPUTINTERVAL=0; bash create_forcing.sh ERA5 1982
export OUTPUTINTERVAL=0; bash create_forcing.sh ERA5 1983
export OUTPUTINTERVAL=0; bash create_forcing.sh ERA5 1984
export OUTPUTINTERVAL=0; bash create_forcing.sh ERA5 1985
export OUTPUTINTERVAL=0; bash create_forcing.sh ERA5 1986
export OUTPUTINTERVAL=0; bash create_forcing.sh ERA5 1987
export OUTPUTINTERVAL=0; bash create_forcing.sh ERA5 1988
export OUTPUTINTERVAL=0; bash create_forcing.sh ERA5 1989
export OUTPUTINTERVAL=0; bash create_forcing.sh ERA5 1990
export OUTPUTINTERVAL=0; bash create_forcing.sh ERA5 1991
export OUTPUTINTERVAL=0; bash create_forcing.sh ERA5 1992
export OUTPUTINTERVAL=0; bash create_forcing.sh ERA5 1993
export OUTPUTINTERVAL=0; bash create_forcing.sh ERA5 1994
export OUTPUTINTERVAL=0; bash create_forcing.sh ERA5 1995
export OUTPUTINTERVAL=0; bash create_forcing.sh ERA5 1996
export OUTPUTINTERVAL=0; bash create_forcing.sh ERA5 1997
export OUTPUTINTERVAL=0; bash create_forcing.sh ERA5 1998
export OUTPUTINTERVAL=0; bash create_forcing.sh ERA5 1999
export OUTPUTINTERVAL=0; bash create_forcing.sh ERA5 2000
export OUTPUTINTERVAL=0; bash create_forcing.sh ERA5 2001
export OUTPUTINTERVAL=0; bash create_forcing.sh ERA5 2002
export OUTPUTINTERVAL=0; bash create_forcing.sh ERA5 2003
export OUTPUTINTERVAL=0; bash create_forcing.sh ERA5 2004
export OUTPUTINTERVAL=0; bash create_forcing.sh ERA5 2005
export OUTPUTINTERVAL=0; bash create_forcing.sh ERA5 2006
export OUTPUTINTERVAL=0; bash create_forcing.sh ERA5 2007
export OUTPUTINTERVAL=0; bash create_forcing.sh ERA5 2008
export OUTPUTINTERVAL=0; bash create_forcing.sh ERA5 2009
export OUTPUTINTERVAL=0; bash create_forcing.sh ERA5 2010
export OUTPUTINTERVAL=0; bash create_forcing.sh ERA5 2011
export OUTPUTINTERVAL=0; bash create_forcing.sh ERA5 2012
export OUTPUTINTERVAL=0; bash create_forcing.sh ERA5 2013
export OUTPUTINTERVAL=0; bash create_forcing.sh ERA5 2014
export OUTPUTINTERVAL=0; bash create_forcing.sh ERA5 2015
export OUTPUTINTERVAL=0; bash create_forcing.sh ERA5 2016
export OUTPUTINTERVAL=0; bash create_forcing.sh ERA5 2017
export OUTPUTINTERVAL=0; bash create_forcing.sh ERA5 2018
export OUTPUTINTERVAL=0; bash create_forcing.sh ERA5 2019
export OUTPUTINTERVAL=0; bash create_forcing.sh ERA5 2020
export OUTPUTINTERVAL=0; bash create_forcing.sh ERA5 2021
export OUTPUTINTERVAL=0; bash create_forcing.sh ERA5 2022
export OUTPUTINTERVAL=0; bash create_forcing.sh ERA5 2023
export OUTPUTINTERVAL=0; bash create_forcing.sh ERA5 2024
